--- luong 1/12 ---
  1,230,0,9,81.4,2011.8,86,54,90,8
--- luong 2/12 ---
  2,226,0,9,87.4,2011.6,88,49,89,18
--- luong 3/12 ---
  3,224,0,9,88.7,2011.3,86,54,84,27
--- luong 4/12 ---
  4,221,0,9,90.7,2014.0,84,53,84,36
--- luong 5/12 ---
  5,177,0,10,129.6,2138.6,71,35,71,46
--- luong 6/12 ---
  6,174,0,8,110.3,2051.7,68,36,70,54
--- luong 7/12 ---
  7,228,0,9,82.3,2015.3,89,53,86,63
--- luong 8/12 ---
  8,232,0,8,78.3,2011.0,90,49,93,73
--- luong 9/12 ---
  9,232,0,8,77.1,2012.7,90,53,89,82
--- luong 10/12 ---
  10,232,0,8,77.1,2012.7,90,53,89,0
--- luong 11/12 ---
  11,229,0,9,86.2,2011.6,87,53,89,9
--- luong 12/12 ---
  12,229,0,9,82.9,2014.3,87,53,89,8

Da ghi results/failover/repeat-20260929-144558.csv va thu muc results/failover/repeat-20260929-144558
